mode: set
github.com/syngit-org/syngit-provider-kustomize/pkg/converter.go:29.2,30.16 2 1
github.com/syngit-org/syngit-provider-kustomize/pkg/converter.go:31.3,32.1 1 0
github.com/syngit-org/syngit-provider-kustomize/pkg/converter.go:33.2,33.17 1 1
github.com/syngit-org/syngit-provider-kustomize/pkg/converter.go:34.3,35.1 1 1
github.com/syngit-org/syngit-provider-kustomize/pkg/converter.go:37.2,38.16 2 1
github.com/syngit-org/syngit-provider-kustomize/pkg/converter.go:39.3,40.1 1 0
github.com/syngit-org/syngit-provider-kustomize/pkg/converter.go:41.2,42.1 2 1
github.com/syngit-org/syngit-provider-kustomize/pkg/converter.go:43.2,43.25 2 1
github.com/syngit-org/syngit-provider-kustomize/pkg/converter.go:45.3,45.27 1 1
github.com/syngit-org/syngit-provider-kustomize/pkg/converter.go:47.3,47.71 1 1
github.com/syngit-org/syngit-provider-kustomize/pkg/converter.go:49.3,49.72 1 1
github.com/syngit-org/syngit-provider-kustomize/pkg/converter.go:54.2,55.41 2 1
github.com/syngit-org/syngit-provider-kustomize/pkg/converter.go:56.3,57.1 1 1
github.com/syngit-org/syngit-provider-kustomize/pkg/converter.go:58.2,58.58 1 1
github.com/syngit-org/syngit-provider-kustomize/pkg/converter.go:59.3,60.1 1 1
github.com/syngit-org/syngit-provider-kustomize/pkg/converter.go:61.2,62.27 2 1
github.com/syngit-org/syngit-provider-kustomize/pkg/converter.go:66.2,67.16 2 1
github.com/syngit-org/syngit-provider-kustomize/pkg/converter.go:68.3,69.1 1 0
github.com/syngit-org/syngit-provider-kustomize/pkg/converter.go:70.2,70.17 1 1
github.com/syngit-org/syngit-provider-kustomize/pkg/converter.go:71.3,72.1 1 1
github.com/syngit-org/syngit-provider-kustomize/pkg/converter.go:74.2,74.30 1 1
github.com/syngit-org/syngit-provider-kustomize/pkg/converter.go:76.3,77.17 2 1
github.com/syngit-org/syngit-provider-kustomize/pkg/converter.go:78.4,79.1 1 0
github.com/syngit-org/syngit-provider-kustomize/pkg/converter.go:81.3,82.22 2 1
github.com/syngit-org/syngit-provider-kustomize/pkg/converter.go:83.4,84.1 1 1
github.com/syngit-org/syngit-provider-kustomize/pkg/converter.go:85.3,86.24 2 1
github.com/syngit-org/syngit-provider-kustomize/pkg/converter.go:89.3,90.20 2 1
github.com/syngit-org/syngit-provider-kustomize/pkg/converter.go:91.4,92.1 1 0
github.com/syngit-org/syngit-provider-kustomize/pkg/converter.go:93.3,93.22 1 1
github.com/syngit-org/syngit-provider-kustomize/pkg/converter.go:96.3,96.82 1 1
github.com/syngit-org/syngit-provider-kustomize/pkg/converter.go:101.2,101.55 1 1
github.com/syngit-org/syngit-provider-kustomize/pkg/converter.go:102.3,102.35 1 1
github.com/syngit-org/syngit-provider-kustomize/pkg/converter.go:103.4,104.1 1 1
github.com/syngit-org/syngit-provider-kustomize/pkg/converter.go:106.2,106.54 1 1
github.com/syngit-org/syngit-provider-kustomize/pkg/converter.go:107.3,107.61 1 1
github.com/syngit-org/syngit-provider-kustomize/pkg/converter.go:108.4,109.1 1 1
github.com/syngit-org/syngit-provider-kustomize/pkg/converter.go:115.2,116.1 7 1
github.com/syngit-org/syngit-provider-kustomize/pkg/converter.go:117.2,122.1 7 1
github.com/syngit-org/syngit-provider-kustomize/pkg/converter.go:123.2,124.1 7 1
github.com/syngit-org/syngit-provider-kustomize/pkg/converter.go:127.2,127.36 1 1
github.com/syngit-org/syngit-provider-kustomize/pkg/converter.go:128.3,129.1 1 1
github.com/syngit-org/syngit-provider-kustomize/pkg/converter.go:130.2,131.53 2 1
github.com/syngit-org/syngit-provider-kustomize/pkg/converter.go:132.3,133.1 1 0
github.com/syngit-org/syngit-provider-kustomize/pkg/converter.go:134.2,134.20 1 1
github.com/syngit-org/syngit-provider-kustomize/pkg/converter.go:138.2,139.16 2 1
github.com/syngit-org/syngit-provider-kustomize/pkg/converter.go:140.3,141.1 1 0
github.com/syngit-org/syngit-provider-kustomize/pkg/converter.go:142.2,142.17 1 1
github.com/syngit-org/syngit-provider-kustomize/pkg/converter.go:146.2,146.29 1 1
github.com/syngit-org/syngit-provider-kustomize/pkg/converter.go:147.3,148.10 2 1
github.com/syngit-org/syngit-provider-kustomize/pkg/converter.go:149.4,150.1 1 1
github.com/syngit-org/syngit-provider-kustomize/pkg/converter.go:151.3,151.17 1 1
github.com/syngit-org/syngit-provider-kustomize/pkg/converter.go:153.2,153.21 1 1
github.com/syngit-org/syngit-provider-kustomize/pkg/converter.go:157.2,158.9 2 1
github.com/syngit-org/syngit-provider-kustomize/pkg/converter.go:159.3,160.1 1 0
github.com/syngit-org/syngit-provider-kustomize/pkg/converter.go:161.2,162.18 2 1
github.com/syngit-org/syngit-provider-kustomize/pkg/converter.go:167.2,167.43 1 1
github.com/syngit-org/syngit-provider-kustomize/pkg/converter.go:168.3,169.10 2 1
github.com/syngit-org/syngit-provider-kustomize/pkg/converter.go:170.4,172.1 2 1
github.com/syngit-org/syngit-provider-kustomize/pkg/converter.go:173.3,173.17 1 1
github.com/syngit-org/syngit-provider-kustomize/pkg/converter.go:175.2,175.35 1 1
github.com/syngit-org/syngit-provider-kustomize/pkg/converter.go:180.2,180.64 1 1
github.com/syngit-org/syngit-provider-kustomize/pkg/converter.go:181.3,182.1 1 1
github.com/syngit-org/syngit-provider-kustomize/pkg/converter.go:186.2,186.31 1 1
github.com/syngit-org/syngit-provider-kustomize/pkg/converter.go:188.3,189.32 2 1
github.com/syngit-org/syngit-provider-kustomize/pkg/converter.go:190.4,191.1 1 1
github.com/syngit-org/syngit-provider-kustomize/pkg/converter.go:192.3,192.16 1 1
github.com/syngit-org/syngit-provider-kustomize/pkg/converter.go:194.3,195.34 2 1
github.com/syngit-org/syngit-provider-kustomize/pkg/converter.go:196.4,197.1 1 1
github.com/syngit-org/syngit-provider-kustomize/pkg/converter.go:198.3,198.16 1 1
github.com/syngit-org/syngit-provider-kustomize/pkg/converter.go:200.3,200.15 1 1
github.com/syngit-org/syngit-provider-kustomize/pkg/converter.go:205.2,205.22 1 1
github.com/syngit-org/syngit-provider-kustomize/pkg/converter.go:207.3,207.14 1 1
github.com/syngit-org/syngit-provider-kustomize/pkg/converter.go:209.3,209.15 1 0
github.com/syngit-org/syngit-provider-kustomize/pkg/dekustomize.go:27.2,27.27 1 1
github.com/syngit-org/syngit-provider-kustomize/pkg/dekustomize.go:28.3,30.1 2 1
github.com/syngit-org/syngit-provider-kustomize/pkg/dekustomize.go:31.2,31.62 1 1
github.com/syngit-org/syngit-provider-kustomize/pkg/dekustomize.go:32.3,33.1 1 1
github.com/syngit-org/syngit-provider-kustomize/pkg/dekustomize.go:37.2,37.23 1 1
github.com/syngit-org/syngit-provider-kustomize/pkg/dekustomize.go:38.3,39.1 1 1
github.com/syngit-org/syngit-provider-kustomize/pkg/dekustomize.go:40.2,40.100 1 1
github.com/syngit-org/syngit-provider-kustomize/pkg/dekustomize.go:41.3,42.1 1 1
github.com/syngit-org/syngit-provider-kustomize/pkg/dekustomize.go:46.2,47.63 2 1
github.com/syngit-org/syngit-provider-kustomize/pkg/dekustomize.go:48.3,50.1 2 1
github.com/syngit-org/syngit-provider-kustomize/pkg/dekustomize.go:54.2,55.1 2 1
github.com/syngit-org/syngit-provider-kustomize/pkg/dekustomize.go:56.2,56.41 2 1
github.com/syngit-org/syngit-provider-kustomize/pkg/dekustomize.go:57.3,58.1 1 0
github.com/syngit-org/syngit-provider-kustomize/pkg/dekustomize.go:59.2,59.33 1 1
github.com/syngit-org/syngit-provider-kustomize/pkg/dekustomize.go:60.3,60.39 1 1
github.com/syngit-org/syngit-provider-kustomize/pkg/dekustomize.go:61.4,62.1 1 1
github.com/syngit-org/syngit-provider-kustomize/pkg/dekustomize.go:64.2,64.17 1 1
github.com/syngit-org/syngit-provider-kustomize/pkg/dekustomize.go:68.2,68.68 1 1
github.com/syngit-org/syngit-provider-kustomize/pkg/dekustomize.go:69.3,71.1 2 1
github.com/syngit-org/syngit-provider-kustomize/pkg/dekustomize.go:75.2,75.29 1 1
github.com/syngit-org/syngit-provider-kustomize/pkg/dekustomize.go:76.3,77.10 2 1
github.com/syngit-org/syngit-provider-kustomize/pkg/dekustomize.go:78.4,78.12 1 1
github.com/syngit-org/syngit-provider-kustomize/pkg/dekustomize.go:80.3,80.33 1 1
github.com/syngit-org/syngit-provider-kustomize/pkg/dekustomize.go:81.4,81.61 1 1
github.com/syngit-org/syngit-provider-kustomize/pkg/dekustomize.go:82.5,83.1 1 1
github.com/syngit-org/syngit-provider-kustomize/pkg/dekustomize.go:89.2,89.31 1 1
github.com/syngit-org/syngit-provider-kustomize/pkg/dekustomize.go:91.3,91.33 1 1
github.com/syngit-org/syngit-provider-kustomize/pkg/dekustomize.go:92.4,93.68 2 1
github.com/syngit-org/syngit-provider-kustomize/pkg/dekustomize.go:94.5,95.1 1 1
github.com/syngit-org/syngit-provider-kustomize/pkg/dekustomize.go:98.3,98.30 1 1
github.com/syngit-org/syngit-provider-kustomize/pkg/dekustomize.go:99.4,100.1 1 1
github.com/syngit-org/syngit-provider-kustomize/pkg/overlay.go:33.2,34.16 2 1
github.com/syngit-org/syngit-provider-kustomize/pkg/overlay.go:35.3,36.1 1 0
github.com/syngit-org/syngit-provider-kustomize/pkg/overlay.go:37.2,37.26 1 1
github.com/syngit-org/syngit-provider-kustomize/pkg/overlay.go:38.3,39.1 1 1
github.com/syngit-org/syngit-provider-kustomize/pkg/overlay.go:41.2,41.9 1 1
github.com/syngit-org/syngit-provider-kustomize/pkg/overlay.go:43.3,43.108 1 1
github.com/syngit-org/syngit-provider-kustomize/pkg/overlay.go:44.4,45.1 1 1
github.com/syngit-org/syngit-provider-kustomize/pkg/overlay.go:47.3,47.109 1 1
github.com/syngit-org/syngit-provider-kustomize/pkg/overlay.go:48.4,49.1 1 1
github.com/syngit-org/syngit-provider-kustomize/pkg/overlay.go:51.3,51.81 1 1
github.com/syngit-org/syngit-provider-kustomize/pkg/overlay.go:51.83,51.96 1 1
github.com/syngit-org/syngit-provider-kustomize/pkg/overlay.go:56.2,57.39 2 1
github.com/syngit-org/syngit-provider-kustomize/pkg/overlay.go:58.3,58.22 1 1
github.com/syngit-org/syngit-provider-kustomize/pkg/overlay.go:59.4,60.1 1 1
github.com/syngit-org/syngit-provider-kustomize/pkg/overlay.go:63.2,63.22 1 1
github.com/syngit-org/syngit-provider-kustomize/pkg/overlay.go:65.3,65.25 1 1
github.com/syngit-org/syngit-provider-kustomize/pkg/overlay.go:67.3,67.110 1 1
github.com/syngit-org/syngit-provider-kustomize/pkg/overlay.go:69.3,69.100 1 1
github.com/syngit-org/syngit-provider-kustomize/pkg/overlay.go:74.2,75.1 2 1
github.com/syngit-org/syngit-provider-kustomize/pkg/overlay.go:76.2,76.90 2 1
github.com/syngit-org/syngit-provider-kustomize/pkg/overlay.go:77.3,77.17 1 1
github.com/syngit-org/syngit-provider-kustomize/pkg/overlay.go:78.4,79.1 1 0
github.com/syngit-org/syngit-provider-kustomize/pkg/overlay.go:80.3,80.21 1 1
github.com/syngit-org/syngit-provider-kustomize/pkg/overlay.go:81.4,82.1 1 1
github.com/syngit-org/syngit-provider-kustomize/pkg/overlay.go:83.3,83.63 1 1
github.com/syngit-org/syngit-provider-kustomize/pkg/overlay.go:84.4,85.1 1 1
github.com/syngit-org/syngit-provider-kustomize/pkg/overlay.go:87.3,88.10 2 1
github.com/syngit-org/syngit-provider-kustomize/pkg/overlay.go:89.4,90.1 1 1
github.com/syngit-org/syngit-provider-kustomize/pkg/overlay.go:91.3,92.63 2 1
github.com/syngit-org/syngit-provider-kustomize/pkg/overlay.go:93.4,94.1 1 1
github.com/syngit-org/syngit-provider-kustomize/pkg/overlay.go:96.3,102.13 2 1
github.com/syngit-org/syngit-provider-kustomize/pkg/overlay.go:104.2,104.16 1 1
github.com/syngit-org/syngit-provider-kustomize/pkg/overlay.go:105.3,106.1 1 0
github.com/syngit-org/syngit-provider-kustomize/pkg/overlay.go:108.2,108.43 1 1
github.com/syngit-org/syngit-provider-kustomize/pkg/overlay.go:108.45,108.89 1 1
github.com/syngit-org/syngit-provider-kustomize/pkg/overlay.go:109.2,109.22 1 1
github.com/syngit-org/syngit-provider-kustomize/pkg/overlay.go:113.2,113.46 1 1
github.com/syngit-org/syngit-provider-kustomize/pkg/overlay.go:114.3,115.59 2 1
github.com/syngit-org/syngit-provider-kustomize/pkg/overlay.go:116.4,117.1 1 1
github.com/syngit-org/syngit-provider-kustomize/pkg/overlay.go:119.2,119.23 1 1
github.com/syngit-org/syngit-provider-kustomize/pkg/overlay.go:125.2,126.55 1 1
github.com/syngit-org/syngit-provider-kustomize/pkg/overlay.go:127.3,128.1 1 1
github.com/syngit-org/syngit-provider-kustomize/pkg/overlay.go:129.2,129.39 1 1
github.com/syngit-org/syngit-provider-kustomize/pkg/overlay.go:130.3,130.110 1 1
github.com/syngit-org/syngit-provider-kustomize/pkg/overlay.go:131.4,132.1 1 1
github.com/syngit-org/syngit-provider-kustomize/pkg/overlay.go:134.2,134.14 1 1
github.com/syngit-org/syngit-provider-kustomize/pkg/overlay.go:138.2,139.1 1 1
github.com/syngit-org/syngit-provider-kustomize/pkg/overlay.go:143.2,144.1 1 1
github.com/syngit-org/syngit-provider-kustomize/pkg/overlay.go:147.2,149.1 2 1
github.com/syngit-org/syngit-provider-kustomize/pkg/overlay.go:154.2,154.39 1 1
github.com/syngit-org/syngit-provider-kustomize/pkg/overlay.go:155.3,155.22 1 1
github.com/syngit-org/syngit-provider-kustomize/pkg/overlay.go:156.4,157.1 1 1
github.com/syngit-org/syngit-provider-kustomize/pkg/overlay.go:159.2,159.33 1 1
github.com/syngit-org/syngit-provider-kustomize/pkg/overlay.go:160.3,160.37 1 1
github.com/syngit-org/syngit-provider-kustomize/pkg/overlay.go:161.4,161.23 1 1
github.com/syngit-org/syngit-provider-kustomize/pkg/overlay.go:162.5,163.1 1 1
github.com/syngit-org/syngit-provider-kustomize/pkg/overlay.go:166.2,166.14 1 1
github.com/syngit-org/syngit-provider-kustomize/pkg/overlay.go:170.2,171.35 2 1
github.com/syngit-org/syngit-provider-kustomize/pkg/overlay.go:172.3,173.1 1 1
github.com/syngit-org/syngit-provider-kustomize/pkg/overlay.go:174.2,174.34 1 1
github.com/syngit-org/syngit-provider-kustomize/pkg/patch.go:18.2,19.1 2 1
github.com/syngit-org/syngit-provider-kustomize/pkg/patch.go:20.2,20.39 2 1
github.com/syngit-org/syngit-provider-kustomize/pkg/patch.go:21.3,22.14 2 1
github.com/syngit-org/syngit-provider-kustomize/pkg/patch.go:23.4,24.12 2 0
github.com/syngit-org/syngit-provider-kustomize/pkg/patch.go:27.3,27.44 1 1
github.com/syngit-org/syngit-provider-kustomize/pkg/patch.go:29.4,30.11 2 1
github.com/syngit-org/syngit-provider-kustomize/pkg/patch.go:31.5,32.1 1 0
github.com/syngit-org/syngit-provider-kustomize/pkg/patch.go:32.11,32.76 1 1
github.com/syngit-org/syngit-provider-kustomize/pkg/patch.go:33.5,34.1 1 1
github.com/syngit-org/syngit-provider-kustomize/pkg/patch.go:36.4,37.11 2 1
github.com/syngit-org/syngit-provider-kustomize/pkg/patch.go:38.5,39.1 1 0
github.com/syngit-org/syngit-provider-kustomize/pkg/patch.go:39.11,39.81 1 1
github.com/syngit-org/syngit-provider-kustomize/pkg/patch.go:40.5,41.1 1 1
github.com/syngit-org/syngit-provider-kustomize/pkg/patch.go:43.4,43.50 1 1
github.com/syngit-org/syngit-provider-kustomize/pkg/patch.go:44.5,45.1 1 1
github.com/syngit-org/syngit-provider-kustomize/pkg/patch.go:49.2,49.24 1 1
github.com/syngit-org/syngit-provider-kustomize/pkg/patch.go:50.3,50.32 1 1
github.com/syngit-org/syngit-provider-kustomize/pkg/patch.go:51.4,52.1 1 1
github.com/syngit-org/syngit-provider-kustomize/pkg/patch.go:55.2,55.14 1 1
github.com/syngit-org/syngit-provider-kustomize/pkg/patch.go:59.2,60.9 2 1
github.com/syngit-org/syngit-provider-kustomize/pkg/patch.go:61.3,61.38 1 1
github.com/syngit-org/syngit-provider-kustomize/pkg/patch.go:62.4,63.1 1 0
github.com/syngit-org/syngit-provider-kustomize/pkg/patch.go:64.3,64.22 1 1
github.com/syngit-org/syngit-provider-kustomize/pkg/patch.go:67.2,68.29 2 1
github.com/syngit-org/syngit-provider-kustomize/pkg/patch.go:69.3,71.1 2 1
github.com/syngit-org/syngit-provider-kustomize/pkg/patch.go:73.2,75.1 3 1
github.com/syngit-org/syngit-provider-kustomize/pkg/patch.go:76.2,76.31 3 1
github.com/syngit-org/syngit-provider-kustomize/pkg/patch.go:77.3,80.1 5 1
github.com/syngit-org/syngit-provider-kustomize/pkg/patch.go:81.3,82.14 5 1
github.com/syngit-org/syngit-provider-kustomize/pkg/patch.go:83.4,84.1 1 1
github.com/syngit-org/syngit-provider-kustomize/pkg/patch.go:84.10,84.69 1 1
github.com/syngit-org/syngit-provider-kustomize/pkg/patch.go:85.4,87.1 2 1
github.com/syngit-org/syngit-provider-kustomize/pkg/patch.go:90.2,90.29 1 1
github.com/syngit-org/syngit-provider-kustomize/pkg/patch.go:91.3,92.54 2 1
github.com/syngit-org/syngit-provider-kustomize/pkg/patch.go:93.4,94.1 1 1
github.com/syngit-org/syngit-provider-kustomize/pkg/patch.go:97.2,97.21 1 1
github.com/syngit-org/syngit-provider-kustomize/pkg/patch.go:98.3,99.1 1 1
github.com/syngit-org/syngit-provider-kustomize/pkg/patch.go:100.2,100.20 1 1
github.com/syngit-org/syngit-provider-kustomize/pkg/patch.go:104.2,104.40 1 1
github.com/syngit-org/syngit-provider-kustomize/pkg/patch.go:105.3,106.1 1 0
github.com/syngit-org/syngit-provider-kustomize/pkg/patch.go:107.2,107.32 1 1
github.com/syngit-org/syngit-provider-kustomize/pkg/patch.go:108.3,108.55 1 1
github.com/syngit-org/syngit-provider-kustomize/pkg/patch.go:109.4,110.1 1 1
github.com/syngit-org/syngit-provider-kustomize/pkg/patch.go:112.2,112.18 1 1
github.com/syngit-org/syngit-provider-kustomize/pkg/patch.go:116.2,117.29 2 1
github.com/syngit-org/syngit-provider-kustomize/pkg/patch.go:118.3,119.10 2 1
github.com/syngit-org/syngit-provider-kustomize/pkg/patch.go:120.4,121.1 1 1
github.com/syngit-org/syngit-provider-kustomize/pkg/patch.go:122.3,123.45 2 1
github.com/syngit-org/syngit-provider-kustomize/pkg/patch.go:124.4,125.1 1 1
github.com/syngit-org/syngit-provider-kustomize/pkg/patch.go:126.3,126.21 1 1
github.com/syngit-org/syngit-provider-kustomize/pkg/patch.go:128.2,128.13 1 1
github.com/syngit-org/syngit-provider-kustomize/pkg/patch.go:132.2,133.37 2 1
github.com/syngit-org/syngit-provider-kustomize/pkg/patch.go:134.3,136.34 3 1
github.com/syngit-org/syngit-provider-kustomize/pkg/patch.go:137.4,138.1 1 1
github.com/syngit-org/syngit-provider-kustomize/pkg/patch.go:139.4,140.1 1 1
github.com/syngit-org/syngit-provider-kustomize/pkg/patch.go:142.2,142.15 1 1
github.com/syngit-org/syngit-provider-kustomize/pkg/patch.go:152.2,152.22 1 1
github.com/syngit-org/syngit-provider-kustomize/pkg/patch.go:153.3,157.1 1 1
github.com/syngit-org/syngit-provider-kustomize/pkg/patch.go:158.2,159.35 2 1
github.com/syngit-org/syngit-provider-kustomize/pkg/patch.go:164.2,165.1 1 1
github.com/syngit-org/syngit-provider-kustomize/pkg/patch.go:168.2,168.41 1 1
github.com/syngit-org/syngit-provider-kustomize/pkg/patch.go:169.3,170.1 1 1
github.com/syngit-org/syngit-provider-kustomize/pkg/patch.go:172.2,172.34 1 1
github.com/syngit-org/syngit-provider-kustomize/pkg/patch.go:174.3,175.10 2 1
github.com/syngit-org/syngit-provider-kustomize/pkg/patch.go:176.4,177.1 1 0
github.com/syngit-org/syngit-provider-kustomize/pkg/patch.go:178.3,178.61 1 1
github.com/syngit-org/syngit-provider-kustomize/pkg/patch.go:181.3,182.10 2 1
github.com/syngit-org/syngit-provider-kustomize/pkg/patch.go:183.4,184.1 1 0
github.com/syngit-org/syngit-provider-kustomize/pkg/patch.go:187.3,187.41 1 1
github.com/syngit-org/syngit-provider-kustomize/pkg/patch.go:188.4,188.49 1 1
github.com/syngit-org/syngit-provider-kustomize/pkg/patch.go:189.5,190.1 1 0
github.com/syngit-org/syngit-provider-kustomize/pkg/patch.go:191.4,191.20 1 1
github.com/syngit-org/syngit-provider-kustomize/pkg/patch.go:193.3,193.32 1 1
github.com/syngit-org/syngit-provider-kustomize/pkg/patch.go:194.4,195.1 1 1
github.com/syngit-org/syngit-provider-kustomize/pkg/patch.go:196.3,196.13 1 1
github.com/syngit-org/syngit-provider-kustomize/pkg/patch.go:199.3,199.38 1 1
github.com/syngit-org/syngit-provider-kustomize/pkg/patch.go:200.4,201.1 1 1
github.com/syngit-org/syngit-provider-kustomize/pkg/patch.go:202.3,202.19 1 1
github.com/syngit-org/syngit-provider-kustomize/pkg/patch.go:207.2,207.41 1 1
github.com/syngit-org/syngit-provider-kustomize/pkg/patch.go:208.3,209.45 2 1
github.com/syngit-org/syngit-provider-kustomize/pkg/patch.go:210.4,211.1 1 1
github.com/syngit-org/syngit-provider-kustomize/pkg/patch.go:212.4,213.1 1 0
github.com/syngit-org/syngit-provider-kustomize/pkg/patch.go:215.2,215.39 1 1
github.com/syngit-org/syngit-provider-kustomize/pkg/patch.go:216.3,216.32 1 1
github.com/syngit-org/syngit-provider-kustomize/pkg/patch.go:217.4,218.1 1 1
github.com/syngit-org/syngit-provider-kustomize/pkg/patch.go:220.2,220.12 1 1
github.com/syngit-org/syngit-provider-kustomize/pkg/patch.go:224.2,225.1 1 1
github.com/syngit-org/syngit-provider-kustomize/pkg/patch.go:228.2,229.26 2 1
github.com/syngit-org/syngit-provider-kustomize/pkg/patch.go:230.3,231.1 1 1
github.com/syngit-org/syngit-provider-kustomize/pkg/patch.go:232.2,233.13 2 1
